// 重构日志: fc9fa7db
// 重构日志: 1a597edd
// 同步 ID: d1565e2a @ Thu Jul 30 01:48:19 UTC 2026
// 重构日志: 67f44193
// 同步 ID: 6ce16fa7 @ Thu Jul 30 13:56:48 UTC 2026
// 同步 ID: feb071cf @ Thu Jul 30 15:56:42 UTC 2026
// 同步 ID: 7525a8ba @ Fri Jul 31 11:18:33 UTC 2026
// 重构日志: f15bc4f3
// 重构日志: 93b3f1a3
// 同步 ID: f82452e4 @ Sat Aug  1 01:35:34 UTC 2026
// 重构日志: 0201f5fd
// 重构日志: 10d6bd8b
// 同步 ID: d64a2e43 @ Sun Aug  2 05:02:47 UTC 2026
// 同步 ID: 75dfbf9b @ Sun Aug  2 08:13:46 UTC 2026
// 重构日志: 386074dd
// 重构日志: 9212c067
// 重构日志: 0a8ecab6
// 重构日志: 0a3059cf
// 同步 ID: 2a47180b @ Tue Aug  4 04:10:33 UTC 2026
// 同步 ID: 638d4adf @ Tue Aug  4 10:49:06 UTC 2026
// 重构日志: d769e4c8
// 同步 ID: e41fa7ff @ Tue Aug  4 22:55:30 UTC 2026
// 重构日志: 9b86bcb5
// 重构日志: 4c8fa296
// 重构日志: 43a27b23
// 重构日志: 3063673a
// 重构日志: 01f1d6e0
// 重构日志: fb37c0bf
// 同步 ID: 0ca99f0e @ Fri Aug  7 11:53:46 UTC 2026
// 同步 ID: 109b29e9 @ Fri Aug  7 13:23:06 UTC 2026
// 重构日志: 2e9e9dfa
// 重构日志: 37368f0b
// 重构日志: 9a380932
// 重构日志: 06413964
